<html>
<body>
<pre>
<h1>µVision Build Log</h1>
<h2>Tool Versions:</h2>
IDE-Version: µVision V5.36.0.0
Copyright (C) 2021 ARM Ltd and ARM Germany GmbH. All rights reserved.
License Information: Gabriel Luzzi, utfpr, LIC=----
 
Tool Versions:
Toolchain:       MDK-Lite  Version: 5.36.0.0
Toolchain Path:  C:\Keil_v5\ARM\ARMCLANG\Bin
C Compiler:      ArmClang.exe V6.16
Assembler:       Armasm.exe V6.16
Linker/Locator:  ArmLink.exe V6.16
Library Manager: ArmAr.exe V6.16
Hex Converter:   FromElf.exe V6.16
CPU DLL:         SARMCM3.DLL V5.36.0.0
Dialog DLL:      DCM.DLL V1.17.3.0
Target DLL:      lmidk-agdi.dll V???
Dialog DLL:      TCM.DLL V1.53.0.0
 
<h2>Project:</h2>
C:\Users\gabri\Documents\Faculdade\MICRO\Exercicios\motor\motor.uvprojx
Project File Date:  11/17/2025

<h2>Output:</h2>
*** Using Compiler 'V6.16', folder: 'C:\Keil_v5\ARM\ARMCLANG\Bin'
Build target 'Target 1'
main.c(20): warning: no previous extern declaration for non-static variable 'pwmState' [-Wmissing-variable-declarations]
uint8_t pwmState = 0;
        ^
main.c(20): note: declare 'static' if the variable is not intended to be used outside of this translation unit
uint8_t pwmState = 0;
^
main.c(21): warning: no previous extern declaration for non-static variable 'duty' [-Wmissing-variable-declarations]
uint32_t duty = 80;
         ^
main.c(21): note: declare 'static' if the variable is not intended to be used outside of this translation unit
uint32_t duty = 80;
^
main.c(22): warning: no previous extern declaration for non-static variable 'sentido' [-Wmissing-variable-declarations]
sentidoRotacao sentido = ANTI_HORARIO;
               ^
main.c(22): note: declare 'static' if the variable is not intended to be used outside of this translation unit
sentidoRotacao sentido = ANTI_HORARIO;
^
main.c(62): warning: 'return' will never be executed [-Wunreachable-code-return]
        return 0;
               ^
main.c(98): warning: implicit conversion changes signedness: 'int' to 'unsigned int' [-Wsign-conversion]
                        GPIO_PORTE_AHB_DATA_R &= ~(1 << 0); // PE0 LOW
                                              ~~ ^~~~~~~~~
main.c(101): warning: implicit conversion changes signedness: 'int' to 'unsigned int' [-Wsign-conversion]
                        GPIO_PORTE_AHB_DATA_R &= ~(1 << 1); // PE1 LOW
                                              ~~ ^~~~~~~~~
6 warnings generated.
compiling main.c...
linking...
Program Size: Code=2072 RO-data=32 RW-data=8 ZI-data=1128  
".\Objects\motor.axf" - 0 Error(s), 6 Warning(s).

<h2>Software Packages used:</h2>

Package Vendor: Keil
                http://www.keil.com/pack/Keil.TM4C_DFP.1.1.0.pack
                Keil.TM4C_DFP.1.1.0
                Texas Instruments Tiva C Series Device Support and Examples

<h2>Collection of Component include folders:</h2>
  C:\Users\gabri\AppData\Local\Arm\Packs\Keil\TM4C_DFP\1.1.0\Device\Include\TM4C129

<h2>Collection of Component Files used:</h2>
Build Time Elapsed:  00:00:00
</pre>
</body>
</html>
